
[TestCompleteRequest/gophkeeper_-h - 1]
:4

Completion ended with directive: ShellCompDirectiveNoFileComp

---

[TestCompleteRequest/gophkeeper_help_completion - 1]
bash       Скрипт автодополнения для bash
fish       Скрипт автодополнения для fish
powershell Скрипт автодополнения для powershell
zsh        Скрипт автодополнения для zsh
:4

Completion ended with directive: ShellCompDirectiveNoFileComp

---

[TestCompleteRequest/gophkeeper - 1]
add        Добавить логин и пароль
completion Вывести скрипт автодополнения для оболочки
help       Показать справку по команде
login      Войти по email и паролю
logout     Выйти на этом устройстве
register   Зарегистрироваться по email и паролю
:4

Completion ended with directive: ShellCompDirectiveNoFileComp

---

[TestCompleteRequest/gophkeeper_completion - 1]
bash       Скрипт автодополнения для bash
fish       Скрипт автодополнения для fish
powershell Скрипт автодополнения для powershell
zsh        Скрипт автодополнения для zsh
:4

Completion ended with directive: ShellCompDirectiveNoFileComp

---

[TestCompleteRequest/gophkeeper_completion_bash - 1]
:4

Completion ended with directive: ShellCompDirectiveNoFileComp

---

[TestCompleteRequest/gophkeeper_completion_fish - 1]
:4

Completion ended with directive: ShellCompDirectiveNoFileComp

---

[TestCompleteRequest/gophkeeper_completion_powershell - 1]
:4

Completion ended with directive: ShellCompDirectiveNoFileComp

---

[TestCompleteRequest/gophkeeper_completion_zsh - 1]
:4

Completion ended with directive: ShellCompDirectiveNoFileComp

---

[TestCompleteRequest/gophkeeper_help - 1]
add        Добавить логин и пароль
completion Вывести скрипт автодополнения для оболочки
help       Показать справку по команде
login      Войти по email и паролю
logout     Выйти на этом устройстве
register   Зарегистрироваться по email и паролю
:4

Completion ended with directive: ShellCompDirectiveNoFileComp

---

[TestCompleteRequest/gophkeeper_register - 1]
:4

Completion ended with directive: ShellCompDirectiveNoFileComp

---

[TestCompleteRequest/gophkeeper_login - 1]
:4

Completion ended with directive: ShellCompDirectiveNoFileComp

---

[TestCompleteRequest/gophkeeper_logout - 1]
:4

Completion ended with directive: ShellCompDirectiveNoFileComp

---

[TestCompleteRequest/gophkeeper_add - 1]
:4

Completion ended with directive: ShellCompDirectiveNoFileComp

---
