
[TestLoginLogout - 1]
Вход выполнен.

Email: Пароль: 

---

[TestLoginLogout - 2]
Выход выполнен.


[]string{"/auth/v1/token", "/rest/v1/device_keys", "/auth/v1/token", "/auth/v1/logout"}
---

[TestLoginWithoutKeyring - 1]
Учётная запись создана, вход выполнен.

Email: Пароль: 
Системное хранилище секретов недоступно, пароль будет запрашиваться при каждой команде с данными.

---
