
[TestModelServices - 1]
init
golang:1.27.1-alpine
[]string(nil)
[]string{"go", "run", "./cmd/sandbox", "init"}
map[string]string{"CONFIG_DIR":"${XDG_CONFIG_HOME:-${USERPROFILE:-${HOME}}/.config}", "GOWORK":"off", "SUPABASE_ANON_KEY":"${SUPABASE_ANON_KEY:-}", "SUPABASE_URL":"${SUPABASE_URL:-}"}
[]string{"sandbox:/sandbox", "${XDG_CONFIG_HOME:-${USERPROFILE:-${HOME}}/.config}:/config", ".:/src:ro", "go-mod:/go/pkg/mod", "go-build:/root/.cache/go-build"}
---

[TestModelServices - 2]
nats
nats:2.15.0-alpine
[]string(nil)
[]string{"-c", "/etc/nats/nats.conf"}
map[string]string{}
[]string{"nats:/data", "sandbox:/etc/nats/sandbox:ro"}
---

[TestModelServices - 3]
nats-setup
natsio/nats-box:0.20.0
[]string(nil)
[]string{"sh", "-c", "rm -f /tmp/ready && export NATS_PASSWORD=\"$$(cat /sandbox/admin)\" && stream=\"$$(jq -r .name /etc/nats/stream.json)\" && { nats stream info \"$$stream\" >/dev/null 2>&1 || nats stream add \"$$stream\" --config /etc/nats/stream.json; } && touch /tmp/ready && exec tail -f /dev/null"}
map[string]string{"NATS_CA":"/sandbox/ca.pem", "NATS_URL":"tls://nats:4222", "NATS_USER":"admin"}
[]string{"sandbox:/sandbox:ro", "./cmd/sandbox/stream.json:/etc/nats/stream.json:ro"}
---

[TestModelServices - 4]
settings
natsio/nats-box:0.20.0
[]string(nil)
[]string{"sh", "-c", "rm -f /tmp/ready; ls -A /config | grep -q . || chown \"$$(stat -c %u:%g /src)\" /config; touch /tmp/ready && exec tail -f /dev/null"}
map[string]string{}
[]string{"${XDG_CONFIG_HOME:-${USERPROFILE:-${HOME}}/.config}:/config", ".:/src:ro"}
---

[TestModelStopHook - 1]
[]string(nil)
---

[TestModelStopHook - 2]
[]string(nil)
---

[TestModelStopHook - 3]
[]string{"config.yaml"}
---

[TestModelStopHook - 4]
[]string{"config.sandbox.yaml", "config.yaml"}
---

[TestModelServices - 5]
include "sandbox/passwords.conf"
server_name: gophkeeper-sandbox
listen: 0.0.0.0:4222
http: 127.0.0.1:8222
tls {
  cert_file: /etc/nats/sandbox/cert.pem
  key_file: /etc/nats/sandbox/key.pem
  timeout: 3
}
jetstream {
  store_dir: /data
}
authorization {
  timeout: 3
  users: [
    {user: admin, password: $$ADMIN_PASSWORD}
    {user: client, password: $$CLIENT_PASSWORD, permissions: {
      publish: {allow: ["changes.>"]}
      subscribe: {allow: ["_INBOX.pub.>"]}
    }}
  ]
}

---
