
[TestSandboxCerts - 1]
87600h0m0s
---

[TestSandboxSecrets - 1]
[]string{"admin", "ca.pem", "cert.pem", "client", "key.pem"}
---

[TestSandboxSettings/пустое_окружение - 1]
не заданы SUPABASE_URL, SUPABASE_ANON_KEY
---

[TestSandboxSettings/адрес_без_HTTPS - 1]
адрес Supabase "http://project.supabase.co" должен начинаться с "https://"
---

[TestSandboxSettings/готово - 1]
# gophkeeper-sandbox: файл записан командой sandbox, повторный запуск его заменяет
server: https://project.supabase.co
app_key: ЗАГЛУШКА КЛЮЧА
queue: tls://127.0.0.1:<port>
queue_user: client
queue_password: <client>
queue_inbox: _INBOX.pub
queue_ca: |
    <ca>

---
