
[TestFormat/27.0 - 1]
27A41
---

[TestFormat/27.0.1 - 1]
27A44
---

[TestFormat/27.0.0 - 1]
27A41
---

[TestFormat/27.25 - 1]
27Z3
---

[TestFormat/27.1-beta - 1]
27B5007a
---

[TestFormat/27.1-beta.1 - 1]
27B5007a
---

[TestFormat/27.1-beta.2 - 1]
27B5012b
---

[TestFormat/27.1-beta.26 - 1]
27B51234z
---

[TestFormat/27.1-rc - 1]
27B22
---

[TestFormat/27.1-rc.2 - 1]
27B23
---

[TestFormat/27.1 - 1]
27B23
---

[TestFormat/28.0-beta - 1]
28A5009a
---

[TestFormat/27.1-alpha.1 - 1]
неверная версия "27.1-alpha.1"
---

[TestFormat/27.26 - 1]
минор 26 больше 25, для него нет буквы
---

[TestFormat/27.1-beta.27 - 1]
бета 27 больше 26, для неё нет буквы
---

[TestFormat/27.1-beta.0 - 1]
неверная версия "27.1-beta.0"
---

[TestFormat/v27.0 - 1]
неверная версия "v27.0"
---

[TestFormat/27 - 1]
неверная версия "27"
---

[TestFormat/#00 - 1]
неверная версия ""
---

[TestFormat/27.01 - 1]
неверная версия "27.01"
---

[TestFormat/27.0+meta - 1]
неверная версия "27.0+meta"
---

[TestFormat/99999999999999999999.0 - 1]
неверная версия "99999999999999999999.0"
---

[TestBase/26.0 - 1]

---

[TestBase/27.0 - 1]
26.3
---

[TestBase/27.1 - 1]
27.0
---

[TestBase/27.2 - 1]
27.1
---

[TestBase/28.0 - 1]
27.2
---

[TestBase/none - 1]

---
